// Jest Snapshot v1, https://goo.gl/fbAQLP

exports[`matches snapshot 1`] = `
<DocumentFragment>
  <div>
    <h1>
      BoxList
    </h1>
    <form>
      <label
        for="color"
      >
        Color
      </label>
      <input
        id="color"
        name="backgroundColor"
        type="color"
        value="#000000"
      />
      <label
        for="width"
      >
        Width
      </label>
      <input
        id="width"
        max="30"
        min="5"
        name="width"
        type="range"
        value="16"
      />
      <label
        for="height"
      >
        Height
      </label>
      <input
        id="height"
        max="30"
        min="5"
        name="height"
        type="range"
        value="16"
      />
      <button>
        Add New Box
      </button>
    </form>
    <div />
  </div>
</DocumentFragment>
`;
